// 重构日志: ddad56c2
// 重构日志: 98e9a71f
// 重构日志: 5331724c
// 重构日志: 8ab0fb68
// 重构日志: 2376e5ab
// 同步 ID: da93dd78 @ Thu Jul 16 17:29:34 UTC 2026
// 同步 ID: 9b5cbeb5 @ Fri Jul 17 18:23:00 UTC 2026
// 重构日志: 09a32202
// 重构日志: 01e96764
// 重构日志: fa459529
// 同步 ID: 8c4e0135 @ Mon Jul 20 22:42:17 UTC 2026
// 同步 ID: 42a57c89 @ Wed Jul 22 07:45:35 UTC 2026
// 重构日志: de5db966
// 同步 ID: f29db402 @ Fri Jul 24 07:33:43 UTC 2026
// 重构日志: 39202da3
// 同步 ID: b94a22fd @ Sat Jul 25 11:53:34 UTC 2026
// 重构日志: 1de11a7f
// 重构日志: ab2fbfdc
// 同步 ID: ecfde27b @ Thu Jul 30 16:03:16 UTC 2026
// 重构日志: 908d8c76
// 重构日志: af907aa4
// 重构日志: e5d2beeb
// 重构日志: b50c22bb
